[envato.z-projects.net/html/dino/landing-startup2748.html]
[envato.z-projects.net/html/dino/assets/img/favicon.png]
[backblue.gif]
[fade.gif]
[index.html]
[envato.z-projects.net/html/dino/assets/vendor/strokegap/style.css]
[envato.z-projects.net/html/dino/assets/vendor/font-awesome/css/font-awesome.min.css]
[envato.z-projects.net/html/dino/assets/vendor/linearicons/style.css]
[envato.z-projects.net/html/dino/assets/vendor/bootstrap/dist/css/bootstrap.min.css]
[envato.z-projects.net/html/dino/assets/vendor/slick-carousel/slick/slick.css]
[envato.z-projects.net/html/dino/assets/vendor/fancybox/dist/jquery.fancybox.min.css]
[envato.z-projects.net/html/dino/assets/vendor/animate.css/animate.min.css]
[envato.z-projects.net/html/dino/assets/css/style.css]
[envato.z-projects.net/html/dino/index.html]
[envato.z-projects.net/html/dino/assets/img/logo-inverse.png]
[envato.z-projects.net/html/dino/assets/img/startup/s-1.png]
[envato.z-projects.net/html/dino/assets/img/startup/s-2.png]
[envato.z-projects.net/html/dino/assets/img/seo/s-2.png]
[envato.z-projects.net/html/dino/assets/img/startup/s-3.jpg]
[envato.z-projects.net/html/dino/assets/img/startup/s-4.jpg]
[envato.z-projects.net/html/dino/assets/img/person/1.jpg]
[envato.z-projects.net/html/dino/assets/img/person/2.jpg]
[envato.z-projects.net/html/dino/assets/img/person/3.jpg]
[envato.z-projects.net/html/dino/assets/img/person/4.jpg]
[envato.z-projects.net/html/dino/assets/img/partner/micosoft.png]
[envato.z-projects.net/html/dino/assets/img/partner/envato.png]
[envato.z-projects.net/html/dino/assets/img/partner/dribbble.png]
[envato.z-projects.net/html/dino/assets/img/partner/google.png]
[envato.z-projects.net/html/dino/assets/img/blog/1.jpg]
[envato.z-projects.net/html/dino/assets/img/blog/3.jpg]
[envato.z-projects.net/html/dino/assets/img/blog/2.jpg]
[envato.z-projects.net/html/dino/assets/vendor/jquery/dist/jquery.min.js]
[envato.z-projects.net/html/dino/assets/vendor/popper.js/dist/popper.min.js]
[envato.z-projects.net/html/dino/assets/vendor/bootstrap/dist/js/bootstrap.min.js]
[envato.z-projects.net/html/dino/assets/vendor/slick-carousel/slick/slick.min.js]
[envato.z-projects.net/html/dino/assets/vendor/fancybox/dist/jquery.fancybox.min.js]
[envato.z-projects.net/html/dino/assets/vendor/imagesloaded/imagesloaded.pkgd.min.js]
[envato.z-projects.net/html/dino/assets/vendor/isotope/dist/isotope.pkgd.min.js]
[envato.z-projects.net/html/dino/assets/vendor/parallax.js/parallax.min.js]
[envato.z-projects.net/html/dino/assets/vendor/wow/dist/wow.min.js]
[envato.z-projects.net/html/dino/assets/vendor/vide/dist/jquery.vide.min.js]
[envato.z-projects.net/html/dino/assets/vendor/typed.js/lib/typed.min.js]
[envato.z-projects.net/html/dino/assets/vendor/appear-master/dist/appear.min.js]
[envato.z-projects.net/html/dino/assets/vendor/jquery.countdown/dist/jquery.countdown.min.js]
[envato.z-projects.net/html/dino/assets/js/dino.js]
[envato.z-projects.net/html/dino/landing-startup2748.html]
[envato.z-projects.net/html/dino/assets/js/custom.js]
[envato.z-projects.net/html/dino/assets/vendor/strokegap/fonts/Stroke-Gap-Icons.eot]
[envato.z-projects.net/html/dino/assets/vendor/strokegap/style.css]
[envato.z-projects.net/html/dino/assets/vendor/font-awesome/fonts/fontawesome-webfont3e6e3e6e.eot]
[envato.z-projects.net/html/dino/assets/vendor/font-awesome/fonts/fontawesome-webfontd41dd41d.eot]
[envato.z-projects.net/html/dino/assets/vendor/font-awesome/fonts/fontawesome-webfont3e6e3e6e.woff]
[envato.z-projects.net/html/dino/assets/vendor/font-awesome/fonts/fontawesome-webfont3e6e3e6e.ttf]
[envato.z-projects.net/html/dino/assets/vendor/font-awesome/css/font-awesome.min.css]
[envato.z-projects.net/html/dino/assets/vendor/linearicons/fonts/Linearicons-Free54e954e9.eot]
[envato.z-projects.net/html/dino/assets/vendor/linearicons/fonts/Linearicons-Freed41dd41d.eot]
[envato.z-projects.net/html/dino/assets/vendor/linearicons/fonts/Linearicons-Free54e954e9.woff2]
[envato.z-projects.net/html/dino/assets/vendor/linearicons/fonts/Linearicons-Free54e954e9.woff]
[envato.z-projects.net/html/dino/assets/vendor/linearicons/fonts/Linearicons-Free54e954e9.ttf]
[envato.z-projects.net/html/dino/assets/vendor/linearicons/style.css]
[envato.z-projects.net/html/dino/assets/vendor/bootstrap/dist/css/bootstrap.min.css]
[envato.z-projects.net/html/dino/assets/vendor/slick-carousel/slick/slick.css]
[envato.z-projects.net/html/dino/assets/vendor/fancybox/dist/jquery.fancybox.min.css]
[envato.z-projects.net/html/dino/assets/vendor/animate.css/animate.min.css]
[envato.z-projects.net/html/dino/assets/img/app/intro-hero.jpg]
[envato.z-projects.net/html/dino/assets/img/app/video-bg.jpg]
[envato.z-projects.net/html/dino/assets/img/app/download-bg.jpg]
[envato.z-projects.net/html/dino/assets/img/app/footer.jpg]
[envato.z-projects.net/html/dino/assets/img/software/hero-banner.jpg]
[envato.z-projects.net/html/dino/assets/img/software/bg-soft.jpg]
[envato.z-projects.net/html/dino/assets/img/seo/hero-banner.jpg]
[envato.z-projects.net/html/dino/assets/img/seo/bg-1.png]
[envato.z-projects.net/html/dino/assets/img/seo/bg-2.jpg]
[envato.z-projects.net/html/dino/assets/img/seo/bg-3.jpg]
[envato.z-projects.net/html/dino/assets/img/startup/hero-banner.png]
[envato.z-projects.net/html/dino/assets/img/startup/bg-1.png]
[envato.z-projects.net/html/dino/assets/img/startup/bg-2.png]
[envato.z-projects.net/html/dino/assets/img/startup/bg-3.png]
[envato.z-projects.net/html/dino/assets/img/startup/bg-4.png]
[envato.z-projects.net/html/dino/assets/img/product/hero-banner.jpg]
[envato.z-projects.net/html/dino/assets/img/product/bg-2.jpg]
[envato.z-projects.net/html/dino/assets/img/product/bg-3.jpg]
[envato.z-projects.net/html/dino/assets/img/event/bg-2.jpg]
[envato.z-projects.net/html/dino/assets/css/style.css]
[envato.z-projects.net/html/dino/assets/img/logo-intro.png]
[envato.z-projects.net/html/dino/landing-app.html]
[envato.z-projects.net/html/dino/assets/img/presentation/app.png]
[envato.z-projects.net/html/dino/landing-soft.html]
[envato.z-projects.net/html/dino/assets/img/presentation/software.png]
[envato.z-projects.net/html/dino/landing-seo.html]
[envato.z-projects.net/html/dino/assets/img/presentation/seo.png]
[envato.z-projects.net/html/dino/landing-startup.html]
[envato.z-projects.net/html/dino/assets/img/presentation/startup.png]
[envato.z-projects.net/html/dino/landing-product.html]
[envato.z-projects.net/html/dino/assets/img/presentation/product.png]
[envato.z-projects.net/html/dino/landing-event.html]
[envato.z-projects.net/html/dino/assets/img/presentation/event.png]
[envato.z-projects.net/html/dino/index.html]
[envato.z-projects.net/html/dino/assets/img/svg/plane-up.svg]
[envato.z-projects.net/html/dino/assets/img/svg/phone-book.svg]
[envato.z-projects.net/html/dino/assets/img/svg/dollar-bag.svg]
[envato.z-projects.net/html/dino/assets/vendor/font-awesome/fonts/fontawesome-webfont3e6e3e6e.svg]
[envato.z-projects.net/html/dino/assets/vendor/linearicons/fonts/Linearicons-Free54e954e9.svg]
[envato.z-projects.net/html/dino/assets/vendor/font-awesome/fonts/fontawesome-webfont3e6e3e6e.woff2]
[envato.z-projects.net/html/dino/assets/img/logo-default.png]
[envato.z-projects.net/html/dino/assets/img/app/s-1.png]
[envato.z-projects.net/html/dino/assets/img/app/s-2_1.png]
[envato.z-projects.net/html/dino/assets/img/app/s-3_1.png]
[envato.z-projects.net/html/dino/assets/img/app/slide-sc-1.png]
[envato.z-projects.net/html/dino/assets/img/app/slide-sc-2.png]
[envato.z-projects.net/html/dino/assets/img/app/slide-sc-3.png]
[envato.z-projects.net/html/dino/assets/img/app/slide-sc-4.png]
[envato.z-projects.net/html/dino/assets/img/app/slide-sc-5.png]
[envato.z-projects.net/html/dino/assets/img/app/s-4.png]
[envato.z-projects.net/html/dino/landing-app.html]
[envato.z-projects.net/html/dino/assets/img/software/s-1.jpg]
[envato.z-projects.net/html/dino/assets/img/software/s-2.jpg]
[envato.z-projects.net/html/dino/assets/img/software/s-4.jpg]
[envato.z-projects.net/html/dino/assets/img/software/s-5.jpg]
[envato.z-projects.net/html/dino/assets/img/software/s-6.png]
[envato.z-projects.net/html/dino/landing-soft.html]
[envato.z-projects.net/html/dino/assets/img/seo/s-1.jpg]
[envato.z-projects.net/html/dino/assets/img/seo/s-2.jpg]
[envato.z-projects.net/html/dino/assets/img/seo/s-3.jpg]
[envato.z-projects.net/html/dino/assets/img/seo/s-3.png]
[envato.z-projects.net/html/dino/assets/img/seo/s-4.png]
[envato.z-projects.net/html/dino/assets/img/seo/s-5.png]
[envato.z-projects.net/html/dino/assets/img/seo/vector-1.jpg]
[envato.z-projects.net/html/dino/assets/img/seo/vector-2.jpg]
[envato.z-projects.net/html/dino/assets/img/person/vector-1.png]
[envato.z-projects.net/html/dino/assets/img/person/vector-2.png]
[envato.z-projects.net/html/dino/assets/img/person/vector-3.png]
[envato.z-projects.net/html/dino/landing-seo.html]
[envato.z-projects.net/html/dino/landing-startup.html]
[envato.z-projects.net/html/dino/assets/img/product/p-1.png]
[envato.z-projects.net/html/dino/assets/img/product/p-2.png]
[envato.z-projects.net/html/dino/assets/img/product/p-3.png]
[envato.z-projects.net/html/dino/assets/img/product/p-2_1.png]
[envato.z-projects.net/html/dino/assets/img/product/p-4_1.png]
[envato.z-projects.net/html/dino/assets/img/product/bg-1.jpg]
[envato.z-projects.net/html/dino/assets/img/product/p-4.png]
[envato.z-projects.net/html/dino/assets/img/product/p-1_1.png]
[envato.z-projects.net/html/dino/assets/img/product/p-1_2.png]
[envato.z-projects.net/html/dino/assets/img/product/p-1_3.png]
[envato.z-projects.net/html/dino/landing-product.html]
[envato.z-projects.net/html/dino/assets/img/event/hero-banner.jpg]
[envato.z-projects.net/html/dino/assets/img/event/bg-1.png]
[envato.z-projects.net/html/dino/assets/img/event/sponsor/1_1.png]
[envato.z-projects.net/html/dino/assets/img/event/sponsor/1_2.png]
[envato.z-projects.net/html/dino/assets/img/event/sponsor/1_3.png]
[envato.z-projects.net/html/dino/assets/img/event/sponsor/1_4.png]
[envato.z-projects.net/html/dino/assets/img/event/sponsor/2_1.png]
[envato.z-projects.net/html/dino/assets/img/event/sponsor/2_2.png]
[envato.z-projects.net/html/dino/assets/img/event/sponsor/2_3.png]
[envato.z-projects.net/html/dino/assets/img/event/sponsor/2_4.png]
[envato.z-projects.net/html/dino/landing-event.html]
[envato.z-projects.net/html/dino/assets/img/svg/seo.svg]
[envato.z-projects.net/html/dino/assets/img/svg/pie-chart.svg]
[envato.z-projects.net/html/dino/assets/img/svg/protractor.svg]
[envato.z-projects.net/html/dino/assets/img/svg/pie-shart-up.svg]
[envato.z-projects.net/html/dino/assets/img/svg/web-mail.svg]
[envato.z-projects.net/html/dino/assets/img/svg/paper-key.svg]
[envato.z-projects.net/html/dino/assets/img/svg/compass.svg]
[envato.z-projects.net/html/dino/assets/img/svg/search.svg]
[envato.z-projects.net/html/dino/assets/img/svg/traffic-lights.svg]
[envato.z-projects.net/html/dino/assets/js/map.js]
[envato.z-projects.net/html/dino/assets/img/software/s-3.jpg]
